

  Client
    √ create account termsOfServiceAgreed: false
    √ create account onlyReturnExisting: true
    1) find account which doesn't exist
    2) create account
    3) create account with the same key
    4) find account which exist
    5) update account
    6) change key
    7) deactivate


  2 passing (8s)
  7 failing

  1) Client
       find account which doesn't exist:
     Error: Timeout of 2000ms exceeded. For async tests and hooks, ensure "done()" is called; if returning a Promise, ensure it resolves. (F:\github\pv\acme-test\test\client.ts)
  

  2) Client
       create account:
     Error: Timeout of 2000ms exceeded. For async tests and hooks, ensure "done()" is called; if returning a Promise, ensure it resolves. (F:\github\pv\acme-test\test\client.ts)
  

  3) Client
       create account with the same key:
     Error: Timeout of 2000ms exceeded. For async tests and hooks, ensure "done()" is called; if returning a Promise, ensure it resolves. (F:\github\pv\acme-test\test\client.ts)
  

  4) Client
       find account which exist:
     Error: Timeout of 2000ms exceeded. For async tests and hooks, ensure "done()" is called; if returning a Promise, ensure it resolves. (F:\github\pv\acme-test\test\client.ts)
  

  5) Client
       update account:
     Error: Create or Find account first
      at AcmeClient.updateAccount (src\client.ts:97:13)
      at Context.it (test\client.ts:67:34)

  6) Client
       change key:
     Error: Create or Find account first
      at AcmeClient.changeKey (src\client.ts:109:13)
      at Context.it (test\client.ts:73:34)

  7) Client
       deactivate:
     Error: Create or Find account first
      at AcmeClient.deactivate (src\client.ts:129:13)
      at Context.it (test\client.ts:78:34)



